<?xml version="1.0" encoding="utf-8"?><testsuites name="pytest tests"><testsuite name="pytest" errors="0" failures="0" skipped="0" tests="632" time="19.951" timestamp="2026-07-29T23:00:18.368186+01:00" hostname="PC"><testcase classname="tests.test_ai_router" name="test_translate_provider_error_response_is_stable" time="0.017" /><testcase classname="tests.test_ai_router" name="test_extract_invalid_json_returns_empty_object" time="0.013" /><testcase classname="tests.test_ai_router" name="test_translate_blocks_unsafe_api_base" time="0.013" /><testcase classname="tests.test_ai_router" name="test_translation_status_success_shape" time="0.012" /><testcase classname="tests.test_ai_services" name="test_translate_uses_request_settings_and_builds_prompt" time="0.002" /><testcase classname="tests.test_ai_services" name="test_extract_uses_template_prompt_and_config_defaults" time="0.002" /><testcase classname="tests.test_ai_services" name="test_extract_invalid_json_returns_empty_object" time="0.002" /><testcase classname="tests.test_ai_services" name="test_parse_extraction_json_accepts_fenced_and_embedded_objects" time="0.001" /><testcase classname="tests.test_ai_services" name="test_ssrf_blocking_is_distinct_and_skips_provider_call" time="0.002" /><testcase classname="tests.test_ai_services" name="test_provider_failure_wraps_without_public_detail_leak" time="0.003" /><testcase classname="tests.test_aligner.TestNormalizeLines" name="test_string_with_newlines" time="0.001" /><testcase classname="tests.test_aligner.TestNormalizeLines" name="test_list_of_strings" time="0.001" /><testcase classname="tests.test_aligner.TestNormalizeLines" name="test_list_items_with_embedded_newlines" time="0.001" /><testcase classname="tests.test_aligner.TestNormalizeLines" name="test_empty_inputs" time="0.000" /><testcase classname="tests.test_aligner.TestMatchCost" name="test_perfect_fit_is_zero" time="0.001" /><testcase classname="tests.test_aligner.TestMatchCost" name="test_underfill_is_cheap_capped_at_half" time="0.001" /><testcase classname="tests.test_aligner.TestMatchCost" name="test_overfill_grows_toward_one_at_extreme_ratios" time="0.001" /><testcase classname="tests.test_aligner.TestMatchCost" name="test_overfill_costs_more_than_equivalent_underfill" time="0.000" /><testcase classname="tests.test_aligner.TestMatchCost" name="test_mild_overfill_stays_below_double_skip" time="0.000" /><testcase classname="tests.test_aligner.TestDPAlign" name="test_one_to_one_equal_sized" time="0.001" /><testcase classname="tests.test_aligner.TestDPAlign" name="test_respects_box_sizes" time="0.001" /><testcase classname="tests.test_aligner.TestDPAlign" name="test_more_lines_than_boxes_conserves_text" time="0.001" /><testcase classname="tests.test_aligner.TestDPAlign" name="test_more_boxes_than_lines_leaves_empties" time="0.001" /><testcase classname="tests.test_aligner.TestDPAlign" name="test_long_line_does_not_displace_short_lines_into_narrow_trap" time="0.001" /><testcase classname="tests.test_aligner.TestDPAlign" name="test_two_column_layout" time="0.001" /><testcase classname="tests.test_aligner.TestDPAlign" name="test_cost_increases_with_order_mismatch" time="0.001" /><testcase classname="tests.test_aligner.TestDPAlign" name="test_empty_boxes_yields_empty_mapping" time="0.001" /><testcase classname="tests.test_aligner.TestDPAlign" name="test_empty_lines_yields_empty_mapping" time="0.001" /><testcase classname="tests.test_aligner.TestAlignTextPublicAPI" name="test_full_page_fallback_when_no_boxes" time="0.001" /><testcase classname="tests.test_aligner.TestAlignTextPublicAPI" name="test_all_empty_when_no_lines" time="0.001" /><testcase classname="tests.test_aligner.TestAlignTextPublicAPI" name="test_result_length_matches_input_boxes" time="0.001" /><testcase classname="tests.test_aligner.TestAlignTextPublicAPI" name="test_preserves_box_order" time="0.001" /><testcase classname="tests.test_aligner.TestAlignTextPublicAPI" name="test_accepts_both_string_and_list_input" time="0.001" /><testcase classname="tests.test_aligner.TestAlignTextPublicAPI" name="test_degenerate_single_line_many_boxes_falls_back_to_full_page" time="0.001" /><testcase classname="tests.test_aligner.TestAlignTextPublicAPI" name="test_single_line_single_box_does_not_trigger_fallback" time="0.001" /><testcase classname="tests.test_aligner.TestAlignTextPublicAPI" name="test_conserves_all_lines_across_shapes[1-1]" time="0.001" /><testcase classname="tests.test_aligner.TestAlignTextPublicAPI" name="test_conserves_all_lines_across_shapes[5-3]" time="0.001" /><testcase classname="tests.test_aligner.TestAlignTextPublicAPI" name="test_conserves_all_lines_across_shapes[3-5]" time="0.001" /><testcase classname="tests.test_aligner.TestAlignTextPublicAPI" name="test_conserves_all_lines_across_shapes[10-10]" time="0.001" /><testcase classname="tests.test_aligner.TestAutoDetectReadingOrder" name="test_column_major_emission_aligns_correctly" time="0.001" /><testcase classname="tests.test_aligner.TestAutoDetectReadingOrder" name="test_row_major_emission_aligns_correctly" time="0.001" /><testcase classname="tests.test_aligner.TestAutoDetectReadingOrder" name="test_single_column_unaffected" time="0.001" /><testcase classname="tests.test_aligner.TestReadingOrderSort" name="test_single_column_uses_row_major" time="0.001" /><testcase classname="tests.test_aligner.TestReadingOrderSort" name="test_two_column_emits_column_major" time="0.001" /><testcase classname="tests.test_aligner.TestReadingOrderSort" name="test_lone_marginal_box_does_not_create_fake_column" time="0.001" /><testcase classname="tests.test_aligner.TestReadingOrderSort" name="test_three_columns_recurse" time="0.001" /><testcase classname="tests.test_api_safety" name="test_ssrf_fails_closed_and_requires_explicit_local_allowance" time="0.013" /><testcase classname="tests.test_api_safety" name="test_config_update_rejects_string_booleans_and_local_api_base" time="0.073" /><testcase classname="tests.test_api_safety" name="test_upload_validation_uses_streaming_limit_and_content_signature" time="0.003" /><testcase classname="tests.test_api_safety" name="test_process_issues_opaque_text_artifact_ids_and_prevents_client_id_lookup" time="0.128" /><testcase classname="tests.test_api_safety" name="test_text_artifact_retrieval_expires_router_store" time="0.090" /><testcase classname="tests.test_api_safety" name="test_process_omits_document_metadata_artifact_when_no_report" time="0.145" /><testcase classname="tests.test_api_safety" name="test_process_exposes_token_bound_document_metadata_artifact" time="0.111" /><testcase classname="tests.test_api_safety" name="test_document_export_artifact_is_token_bound" time="0.094" /><testcase classname="tests.test_api_safety" name="test_progress_session_uses_token_bound_websocket_channels" time="0.073" /><testcase classname="tests.test_api_safety" name="test_process_surfaces_partial_page_failures_in_headers_and_history" time="0.100" /><testcase classname="tests.test_api_safety" name="test_websocket_manager_emits_warning_flag" time="0.001" /><testcase classname="tests.test_api_safety" name="test_translate_error_response_does_not_expose_internal_exception" time="0.072" /><testcase classname="tests.test_api_safety" name="test_static_js_has_no_html_injection_sinks" time="0.001" /><testcase classname="tests.test_api_safety" name="test_security_settings_parses_environment_defaults" time="0.001" /><testcase classname="tests.test_api_safety" name="test_security_settings_cors_parses_csv_and_trims" time="0.001" /><testcase classname="tests.test_api_safety" name="test_security_settings_rate_limit_zero_disables" time="0.001" /><testcase classname="tests.test_api_safety" name="test_security_settings_max_upload_clamps" time="0.001" /><testcase classname="tests.test_api_safety" name="test_security_settings_invalid_ints_fall_back_to_default" time="0.001" /><testcase classname="tests.test_api_safety" name="test_bearer_auth_required_when_token_set" time="0.086" /><testcase classname="tests.test_api_safety" name="test_bearer_auth_accepts_lowercase_scheme" time="0.077" /><testcase classname="tests.test_api_safety" name="test_max_upload_size_rejects_oversized_content_length" time="0.076" /><testcase classname="tests.test_api_safety" name="test_max_upload_size_passes_undersized" time="0.076" /><testcase classname="tests.test_api_safety" name="test_rate_limit_rejects_after_cap" time="0.084" /><testcase classname="tests.test_api_safety" name="test_rate_limit_isolates_per_client_ip" time="0.002" /><testcase classname="tests.test_api_safety" name="test_api_process_alias_returns_same_artifact_headers" time="0.138" /><testcase classname="tests.test_api_safety" name="test_api_text_artifact_alias_is_token_bound" time="0.265" /><testcase classname="tests.test_api_safety" name="test_api_metadata_and_export_aliases_route_to_same_handlers" time="0.134" /><testcase classname="tests.test_api_safety" name="test_api_process_status_alias_returns_record" time="0.069" /><testcase classname="tests.test_api_safety" name="test_api_jobs_cancel_known_job_returns_ok" time="0.070" /><testcase classname="tests.test_artifact_store" name="test_artifacts_bind_ids_to_separate_access_tokens" time="0.013" /><testcase classname="tests.test_artifact_store" name="test_wrong_token_denies_artifact_access" time="0.007" /><testcase classname="tests.test_artifact_store" name="test_expiry_cleanup_deletes_backing_files" time="0.010" /><testcase classname="tests.test_artifact_store" name="test_max_entry_eviction_deletes_oldest_backing_file" time="0.029" /><testcase classname="tests.test_artifact_store" name="test_invalid_artifact_ids_are_rejected" time="0.007" /><testcase classname="tests.test_artifact_store" name="test_delete_is_idempotent_and_removes_backing_file" time="0.015" /><testcase classname="tests.test_artifact_store" name="test_pop_is_token_bound_and_idempotent_without_deleting_file" time="0.014" /><testcase classname="tests.test_artifact_store" name="test_page_text_helper_writes_json_atomically_enough_for_callers" time="0.023" /><testcase classname="tests.test_chunked_runner" name="test_count_pdf_pages_returns_correct_count" time="0.006" /><testcase classname="tests.test_chunked_runner" name="test_split_pdf_pages_preserves_page_order" time="0.005" /><testcase classname="tests.test_chunked_runner" name="test_split_pdf_pages_drops_out_of_range_indices" time="0.005" /><testcase classname="tests.test_chunked_runner" name="test_merge_pdfs_concatenates_in_order" time="0.005" /><testcase classname="tests.test_chunked_runner" name="test_merge_pdfs_with_single_input_copies" time="0.006" /><testcase classname="tests.test_chunked_runner" name="test_format_page_range_compacts_runs" time="0.001" /><testcase classname="tests.test_chunked_runner" name="test_read_chunk_text_artifact_remaps_to_real_pages" time="0.003" /><testcase classname="tests.test_chunked_runner" name="test_read_chunk_text_artifact_handles_missing_file" time="0.001" /><testcase classname="tests.test_chunked_runner" name="test_run_ocr_in_chunks_emits_one_frame_per_chunk" time="0.036" /><testcase classname="tests.test_chunked_runner" name="test_run_ocr_in_chunks_merges_output_pdf_and_text" time="0.035" /><testcase classname="tests.test_chunked_runner" name="test_run_ocr_in_chunks_small_doc_falls_through_to_single_shot" time="0.009" /><testcase classname="tests.test_chunked_runner" name="test_run_ocr_in_chunks_continues_after_chunk_failure" time="0.032" /><testcase classname="tests.test_chunked_runner" name="test_run_ocr_in_chunks_honors_cancel_between_chunks" time="0.020" /><testcase classname="tests.test_circuit_breaker_registry" name="test_get_or_create_returns_same_instance_per_key" time="0.001" /><testcase classname="tests.test_circuit_breaker_registry" name="test_get_or_create_distinguishes_model" time="0.001" /><testcase classname="tests.test_circuit_breaker_registry" name="test_get_or_create_distinguishes_api_base" time="0.001" /><testcase classname="tests.test_circuit_breaker_registry" name="test_breaker_open_state_visible_to_fresh_caller" time="0.001" /><testcase classname="tests.test_circuit_breaker_registry" name="test_default_registry_is_module_singleton" time="0.001" /><testcase classname="tests.test_circuit_breaker_registry" name="test_ocr_processors_share_breaker_for_same_endpoint" time="0.030" /><testcase classname="tests.test_circuit_breaker_registry" name="test_ocr_processors_distinct_for_different_models" time="0.030" /><testcase classname="tests.test_dev_commands" name="test_makefile_documents_every_command" time="0.001" /><testcase classname="tests.test_dev_commands" name="test_clean_removes_only_generated_files" time="0.010" /><testcase classname="tests.test_dev_commands" name="test_doctor_reports_required_runtime_health" time="3.056" /><testcase classname="tests.test_dictionary_postprocess" name="test_language_iso_mapping" time="0.002" /><testcase classname="tests.test_dictionary_postprocess" name="test_unicode_diacritics_check" time="0.001" /><testcase classname="tests.test_dictionary_postprocess" name="test_compilation_and_loading" time="0.022" /><testcase classname="tests.test_dictionary_postprocess" name="test_packaged_dictionary_lookup_precedes_legacy_resources" time="0.004" /><testcase classname="tests.test_dictionary_postprocess" name="test_legacy_repository_dictionary_fallback" time="0.003" /><testcase classname="tests.test_dictionary_postprocess" name="test_graceful_fallback" time="0.003" /><testcase classname="tests.test_document" name="test_document_result_from_pages_data_preserves_order_and_text" time="0.001" /><testcase classname="tests.test_document" name="test_document_result_rejects_non_normalized_bbox" time="0.001" /><testcase classname="tests.test_document" name="test_pipeline_records_document_result_without_changing_return_value" time="0.004" /><testcase classname="tests.test_document" name="test_registry_runs_processors_in_order" time="0.002" /><testcase classname="tests.test_document" name="test_pipeline_processors_feed_existing_output_writer" time="0.004" /><testcase classname="tests.test_document" name="test_reading_order_processor_normalizes_blocks" time="0.002" /><testcase classname="tests.test_document" name="test_quality_analysis_processor_records_page_findings" time="0.002" /><testcase classname="tests.test_document" name="test_structure_analysis_processor_classifies_blocks_without_rewriting_text" time="0.002" /><testcase classname="tests.test_document" name="test_section_analysis_processor_groups_blocks_under_headings" time="0.002" /><testcase classname="tests.test_document" name="test_pipeline_reading_order_processor_feeds_output_writer" time="0.003" /><testcase classname="tests.test_document_processor_selection" name="test_process_settings_accepts_comma_separated_document_processors" time="0.001" /><testcase classname="tests.test_document_processor_selection" name="test_config_update_accepts_document_processor_list" time="0.001" /><testcase classname="tests.test_document_processor_selection" name="test_process_settings_rejects_unknown_document_processor" time="0.001" /><testcase classname="tests.test_document_processor_selection" name="test_build_document_processors_maps_allowed_names" time="0.001" /><testcase classname="tests.test_document_roundtrip" name="test_from_pages_data_to_pages_data_preserves_text_and_geometry" time="0.001" /><testcase classname="tests.test_document_roundtrip" name="test_to_pages_data_respects_reading_order_annotation" time="0.001" /><testcase classname="tests.test_document_roundtrip" name="test_to_pages_data_without_reading_order_preserves_list_order" time="0.001" /><testcase classname="tests.test_document_roundtrip" name="test_rich_writer_receives_full_document_result" time="0.003" /><testcase classname="tests.test_document_roundtrip" name="test_rich_writer_receives_processor_metadata" time="0.004" /><testcase classname="tests.test_document_roundtrip" name="test_legacy_callable_writer_still_works" time="0.004" /><testcase classname="tests.test_document_roundtrip" name="test_all_processor_metadata_survives_on_last_document_result" time="0.004" /><testcase classname="tests.test_docuverse_upgrade" name="test_block_node_to_dict_round_trip" time="0.001" /><testcase classname="tests.test_docuverse_upgrade" name="test_from_pages_data_basic" time="0.001" /><testcase classname="tests.test_docuverse_upgrade" name="test_document_tree_iter_text_blocks" time="0.001" /><testcase classname="tests.test_docuverse_upgrade" name="test_translate_tree_skips_header_footer_number" time="0.001" /><testcase classname="tests.test_docuverse_upgrade" name="test_table_node_to_dict_shape" time="0.001" /><testcase classname="tests.test_docuverse_upgrade" name="test_glossary_paired_lines_parsing" time="0.001" /><testcase classname="tests.test_docuverse_upgrade" name="test_glossary_apply_to_text_case_insensitive" time="0.001" /><testcase classname="tests.test_docuverse_upgrade" name="test_glossary_apply_to_text_case_sensitive" time="0.001" /><testcase classname="tests.test_docuverse_upgrade" name="test_glossary_from_dict_filters_empty" time="0.001" /><testcase classname="tests.test_docuverse_upgrade" name="test_glossary_merge_last_wins" time="0.000" /><testcase classname="tests.test_docuverse_upgrade" name="test_entity_memory_extracts_names_dates_acronyms" time="0.001" /><testcase classname="tests.test_docuverse_upgrade" name="test_entity_memory_picks_up_multiword_proper_nouns_with_lead_text" time="0.001" /><testcase classname="tests.test_docuverse_upgrade" name="test_entity_memory_is_empty" time="0.000" /><testcase classname="tests.test_docuverse_upgrade" name="test_entity_memory_merge_combines" time="0.001" /><testcase classname="tests.test_docuverse_upgrade" name="test_sauvola_binarize_produces_binary_image" time="0.001" /><testcase classname="tests.test_docuverse_upgrade" name="test_estimate_stroke_width_runs" time="0.001" /><testcase classname="tests.test_docuverse_upgrade" name="test_normalize_stroke_width_idempotent" time="0.001" /><testcase classname="tests.test_docuverse_upgrade" name="test_is_handwritten_page_dense_text_returns_something" time="0.002" /><testcase classname="tests.test_docuverse_upgrade" name="test_handwriting_options_is_noop" time="0.001" /><testcase classname="tests.test_docuverse_upgrade" name="test_build_context_block_orders_sections" time="0.000" /><testcase classname="tests.test_docuverse_upgrade" name="test_translate_tree_writes_back_and_preserves_structure" time="0.002" /><testcase classname="tests.test_docuverse_upgrade" name="test_translate_tree_sliding_window_propagates" time="0.001" /><testcase classname="tests.test_docuverse_upgrade" name="test_translate_tree_dual_translate_chooses_secondary_when_closer" time="0.002" /><testcase classname="tests.test_docuverse_upgrade" name="test_translate_node_includes_glossary_and_memory" time="0.001" /><testcase classname="tests.test_docuverse_upgrade" name="test_html_writer_emits_semantic_tags" time="0.001" /><testcase classname="tests.test_docuverse_upgrade" name="test_html_writer_handles_figure_and_table" time="0.001" /><testcase classname="tests.test_docuverse_upgrade" name="test_docx_tree_writer_creates_real_structure" time="0.039" /><testcase classname="tests.test_docuverse_upgrade" name="test_tree_export_json_round_trip" time="0.001" /><testcase classname="tests.test_docuverse_upgrade" name="test_dual_translate_chooser" time="0.002" /><testcase classname="tests.test_docuverse_upgrade" name="test_dual_translate_falls_back_when_no_prompt_builder" time="0.002" /><testcase classname="tests.test_docuverse_upgrade" name="test_trocr_heuristic_confidence" time="0.001" /><testcase classname="tests.test_docuverse_upgrade" name="test_trocr_engine_is_available" time="0.001" /><testcase classname="tests.test_docuverse_upgrade" name="test_nllb_resolve_nllb_code_known" time="0.001" /><testcase classname="tests.test_docuverse_upgrade" name="test_nllb_language_code_map_has_basics" time="0.000" /><testcase classname="tests.test_docx_writer" name="test_convert_markdown_to_docx_structure" time="0.044" /><testcase classname="tests.test_docx_writer" name="test_export_docx_endpoint" time="0.107" /><testcase classname="tests.test_embedding_position.TestSingleBoxPosition" name="test_marker_lands_inside_its_bbox" time="0.135" /><testcase classname="tests.test_embedding_position.TestMultiBoxIsolation" name="test_three_markers_stay_in_their_own_boxes" time="0.110" /><testcase classname="tests.test_embedding_position.TestClipExtraction" name="test_clip_returns_embedded_marker_only" time="0.119" /><testcase classname="tests.test_embedding_position.TestNoLeakageOutsideBox" name="test_marker_does_not_leak_into_other_quadrants" time="0.120" /><testcase classname="tests.test_embedding_position.TestFullBboxCoverage" name="test_short_text_in_wide_box_covers_full_width" time="0.123" /><testcase classname="tests.test_embedding_position.TestFullBboxCoverage" name="test_right_half_of_wide_box_returns_text" time="0.120" /><testcase classname="tests.test_embedding_position.TestFullBboxCoverage" name="test_no_vertical_overflow" time="0.114" /><testcase classname="tests.test_embedding_position.TestFullBboxCoverage" name="test_multiline_real_bbox_splits_per_line_not_full_page" time="0.126" /><testcase classname="tests.test_embedding_position.TestFullBboxCoverage" name="test_padded_single_line_bbox_does_not_split" time="0.089" /><testcase classname="tests.test_embedding_position.TestFullBboxCoverage" name="test_tall_bbox_with_joined_phrase_splits_per_line" time="0.122" /><testcase classname="tests.test_embedding_position.TestFullBboxCoverage" name="test_full_page_fallback_still_uses_full_page_rect" time="0.117" /><testcase classname="tests.test_embedding_position.TestFullBboxCoverage" name="test_long_text_in_narrow_box_compresses" time="0.121" /><testcase classname="tests.test_env" name="test_parse_env_line_basic" time="0.001" /><testcase classname="tests.test_env" name="test_parse_env_line_quotes_and_escapes" time="0.001" /><testcase classname="tests.test_env" name="test_parse_env_line_inline_comments" time="0.001" /><testcase classname="tests.test_env" name="test_load_dotenv_file_not_found" time="0.002" /><testcase classname="tests.test_env" name="test_load_dotenv_sets_and_overrides" time="0.003" /><testcase classname="tests.test_env" name="test_load_dotenv_auto_discovery" time="0.005" /><testcase classname="tests.test_evaluation.TestIoU" name="test_identical_boxes" time="0.001" /><testcase classname="tests.test_evaluation.TestIoU" name="test_disjoint_boxes" time="0.001" /><testcase classname="tests.test_evaluation.TestIoU" name="test_half_overlap" time="0.000" /><testcase classname="tests.test_evaluation.TestIoU" name="test_containment" time="0.001" /><testcase classname="tests.test_evaluation.TestAxisDetection" name="test_detects_standard_xyxy" time="0.001" /><testcase classname="tests.test_evaluation.TestAxisDetection" name="test_detects_swapped_yxyx" time="0.000" /><testcase classname="tests.test_evaluation.TestAxisDetection" name="test_mixed_majority_wins" time="0.000" /><testcase classname="tests.test_evaluation.TestAxisDetection" name="test_empty_input_defaults_to_xyxy" time="0.000" /><testcase classname="tests.test_evaluation.TestSwapAxes" name="test_swaps_correctly" time="0.000" /><testcase classname="tests.test_evaluation.TestTextSimilarity" name="test_identical" time="0.001" /><testcase classname="tests.test_evaluation.TestTextSimilarity" name="test_markdown_tolerant" time="0.001" /><testcase classname="tests.test_evaluation.TestTextSimilarity" name="test_case_insensitive" time="0.001" /><testcase classname="tests.test_evaluation.TestTextSimilarity" name="test_partial_overlap" time="0.001" /><testcase classname="tests.test_evaluation.TestTextSimilarity" name="test_empty_comparison" time="0.001" /><testcase classname="tests.test_evaluation.TestLoadGroundTruth" name="test_handwritten_fixture_loads" time="0.001" /><testcase classname="tests.test_evaluation.TestLoadGroundTruth" name="test_hybrid_fixture_loads" time="0.001" /><testcase classname="tests.test_evaluation.TestLoadGroundTruth" name="test_digital_fixture_loads" time="0.001" /><testcase classname="tests.test_evaluation.TestLoadGroundTruth" name="test_coordinates_are_normalized" time="0.001" /><testcase classname="tests.test_evaluation.TestLoadGroundTruth" name="test_skips_non_content_labels" time="0.003" /><testcase classname="tests.test_evaluation.TestComputeReport" name="test_perfect_match" time="0.001" /><testcase classname="tests.test_evaluation.TestComputeReport" name="test_missed_block" time="0.001" /><testcase classname="tests.test_evaluation.TestComputeReport" name="test_no_double_matching" time="0.001" /><testcase classname="tests.test_evaluation.TestComputeReport" name="test_low_iou_unmatched" time="0.001" /><testcase classname="tests.test_evaluation.TestComputeReport" name="test_text_similarity_with_minor_differences" time="0.001" /><testcase classname="tests.test_evaluation.TestComputeReport" name="test_summary_line_contains_metrics" time="0.001" /><testcase classname="tests.test_evaluation" name="test_report_handles_empty_pipeline" time="0.001" /><testcase classname="tests.test_evaluation" name="test_report_handles_empty_ground_truth" time="0.001" /><testcase classname="tests.test_evaluation" name="test_all_fixtures_loadable[ground_truth_handwritten.json]" time="0.001" /><testcase classname="tests.test_evaluation" name="test_all_fixtures_loadable[ground_truth_hybrid.json]" time="0.001" /><testcase classname="tests.test_evaluation" name="test_all_fixtures_loadable[ground_truth_digital.json]" time="0.001" /><testcase classname="tests.test_glossary_imports_route" name="test_list_library_is_empty" time="0.015" /><testcase classname="tests.test_glossary_imports_route" name="test_import_inline_text_sync" time="0.014" /><testcase classname="tests.test_glossary_imports_route" name="test_import_csv_inline_bytes_sync" time="0.023" /><testcase classname="tests.test_glossary_imports_route" name="test_import_requires_text_or_bytes" time="0.014" /><testcase classname="tests.test_glossary_imports_route" name="test_max_entries_too_small_returns_413" time="0.014" /><testcase classname="tests.test_glossary_imports_route" name="test_toggle_endpoint_persists" time="0.032" /><testcase classname="tests.test_glossary_imports_route" name="test_toggle_unknown_returns_404" time="0.014" /><testcase classname="tests.test_glossary_imports_route" name="test_delete_endpoint_removes_entry" time="0.039" /><testcase classname="tests.test_glossary_imports_route" name="test_preview_endpoint_reports_conflicts" time="0.031" /><testcase classname="tests.test_glossary_imports_route" name="test_entries_endpoint_returns_entries" time="0.024" /><testcase classname="tests.test_glossary_imports_task" name="test_process_glossary_import_task_importable" time="0.001" /><testcase classname="tests.test_glossary_imports_task" name="test_process_glossary_import_task_runs_sync" time="0.007" /><testcase classname="tests.test_glossary_library" name="test_save_round_trip" time="0.008" /><testcase classname="tests.test_glossary_library" name="test_save_rejects_empty_entries" time="0.003" /><testcase classname="tests.test_glossary_library" name="test_toggle_disables_glossary" time="0.014" /><testcase classname="tests.test_glossary_library" name="test_toggle_unknown_id_raises" time="0.003" /><testcase classname="tests.test_glossary_library" name="test_delete_removes_entry" time="0.018" /><testcase classname="tests.test_glossary_library" name="test_reorder_assigns_descending_priority" time="0.017" /><testcase classname="tests.test_glossary_library" name="test_reorder_unknown_raises" time="0.003" /><testcase classname="tests.test_glossary_library" name="test_reorder_duplicates_raise_value_error" time="0.008" /><testcase classname="tests.test_glossary_library" name="test_merged_enabled_combines_glossaries" time="0.015" /><testcase classname="tests.test_glossary_library" name="test_disabled_glossaries_excluded_from_merge" time="0.013" /><testcase classname="tests.test_glossary_library" name="test_preview_reports_conflicts" time="0.012" /><testcase classname="tests.test_glossary_library" name="test_persistence_file_created" time="0.009" /><testcase classname="tests.test_glossary_sources" name="test_parse_csv_pairs" time="0.001" /><testcase classname="tests.test_glossary_sources" name="test_parse_tsv_pairs" time="0.001" /><testcase classname="tests.test_glossary_sources" name="test_parse_xliff_minimal" time="0.001" /><testcase classname="tests.test_glossary_sources" name="test_parse_tbx_minimal" time="0.001" /><testcase classname="tests.test_glossary_sources" name="test_parse_tmx_minimal" time="0.001" /><testcase classname="tests.test_glossary_sources" name="test_parse_json_pairs_routes_via_glossary" time="0.001" /><testcase classname="tests.test_glossary_sources" name="test_parse_dispatches_inline_json_text" time="0.001" /><testcase classname="tests.test_glossary_sources" name="test_parse_unknown_format_raises_value_error" time="0.001" /><testcase classname="tests.test_glossary_sources" name="test_parse_missing_data_raises_value_error" time="0.001" /><testcase classname="tests.test_glossary_sources" name="test_max_entries_zero_rejected" time="0.001" /><testcase classname="tests.test_glossary_sources" name="test_max_entries_over_limit_raises_413" time="0.001" /><testcase classname="tests.test_glossary_sources" name="test_parsers_yield_glossary_compatible_dicts" time="0.002" /><testcase classname="tests.test_glossary_sources" name="test_format_not_available_error_is_import_error" time="0.000" /><testcase classname="tests.test_glossary_sources" name="test_redact_dsn_masks_credentials" time="0.001" /><testcase classname="tests.test_grounded" name="test_grounded_pdf_rasterization_skips_intermediate_jpeg_decode" time="0.059" /><testcase classname="tests.test_grounded.TestParseGLMLayoutDetails" name="test_parses_flat_list" time="0.001" /><testcase classname="tests.test_grounded.TestParseGLMLayoutDetails" name="test_parses_nested_per_page_list" time="0.001" /><testcase classname="tests.test_grounded.TestParseGLMLayoutDetails" name="test_accepts_json_string" time="0.001" /><testcase classname="tests.test_grounded" name="test_pipeline_routes_to_grounded_when_backend_provided" time="0.207" /><testcase classname="tests.test_grounded" name="test_grounded_path_preserves_bbox_position" time="0.197" /><testcase classname="tests.test_grounded" name="test_grounded_path_propagates_failed_pages_to_pipeline" time="0.192" /><testcase classname="tests.test_grounded" name="test_pipeline_rejects_construction_without_pdf_handler" time="0.001" /><testcase classname="tests.test_grounded" name="test_pipeline_rejects_hybrid_run_without_aligner_or_ocr" time="0.003" /><testcase classname="tests.test_grounded" name="test_grounded_path_forwards_progress_callback" time="0.196" /><testcase classname="tests.test_grounded.TestPromptedGroundedResilience" name="test_one_failing_page_does_not_lose_others" time="0.003" /><testcase classname="tests.test_grounded.TestPromptedGroundedParser" name="test_bare_json_array_qwen3_vl_style" time="0.001" /><testcase classname="tests.test_grounded.TestPromptedGroundedParser" name="test_fenced_json_qwen25_vl_style" time="0.001" /><testcase classname="tests.test_grounded.TestPromptedGroundedParser" name="test_object_wrapping_array" time="0.001" /><testcase classname="tests.test_grounded.TestPromptedGroundedParser" name="test_invalid_bbox_filtered" time="0.001" /><testcase classname="tests.test_grounded.TestPromptedGroundedParser" name="test_empty_content_filtered" time="0.001" /><testcase classname="tests.test_grounded.TestPromptedGroundedParser" name="test_empty_input_returns_empty" time="0.000" /><testcase classname="tests.test_grounded.TestPromptedGroundedParser" name="test_garbage_input_returns_empty" time="0.001" /><testcase classname="tests.test_grounded.TestPromptedGroundedParser" name="test_alternate_field_names" time="0.001" /><testcase classname="tests.test_grounded.TestPromptedGroundedParser" name="test_preamble_prose_tolerated" time="0.001" /><testcase classname="tests.test_grounded.TestPromptedGroundedParser" name="test_invalid_json_types_return_empty" time="0.001" /><testcase classname="tests.test_grounded.TestPromptedGroundedEnsureModelLoaded" name="test_passes_when_model_loaded" time="0.002" /><testcase classname="tests.test_grounded.TestPromptedGroundedEnsureModelLoaded" name="test_raises_on_mismatch_with_helpful_message" time="0.002" /><testcase classname="tests.test_grounded.TestPromptedGroundedEnsureModelLoaded" name="test_subclass_of_llm_call_error" time="0.001" /><testcase classname="tests.test_grounded_block_callbacks" name="test_grounded_engine_emits_per_block_callbacks_in_order" time="0.003" /><testcase classname="tests.test_grounded_block_callbacks" name="test_grounded_engine_skips_empty_blocks" time="0.003" /><testcase classname="tests.test_grounded_block_callbacks" name="test_grounded_engine_no_callbacks_when_callbacks_none" time="0.003" /><testcase classname="tests.test_image" name="test_crop_returns_valid_image" time="0.043" /><testcase classname="tests.test_image" name="test_crop_upscales_tiny_regions" time="0.043" /><testcase classname="tests.test_image" name="test_crop_captures_painted_region" time="0.041" /><testcase classname="tests.test_image" name="test_crop_clamps_out_of_range_bbox" time="0.046" /><testcase classname="tests.test_image" name="test_crop_for_ocr_from_image_returns_valid_jpeg" time="0.033" /><testcase classname="tests.test_image" name="test_crop_for_ocr_from_image_matches_base64_version" time="0.044" /><testcase classname="tests.test_image" name="test_crop_for_ocr_from_image_blank_region_returns_none" time="0.002" /><testcase classname="tests.test_image" name="test_crop_for_ocr_from_image_reuses_same_image" time="0.034" /><testcase classname="tests.test_is_transient_error" name="test_key_error_is_not_transient" time="0.001" /><testcase classname="tests.test_is_transient_error" name="test_type_error_is_not_transient" time="0.001" /><testcase classname="tests.test_is_transient_error" name="test_attribute_error_is_not_transient" time="0.000" /><testcase classname="tests.test_is_transient_error" name="test_runtime_error_unknown_message_is_not_transient" time="0.001" /><testcase classname="tests.test_is_transient_error" name="test_runtime_error_connection_reset_is_transient" time="0.000" /><testcase classname="tests.test_is_transient_error" name="test_runtime_error_context_length_is_permanent" time="0.000" /><testcase classname="tests.test_is_transient_error" name="test_runtime_error_invalid_api_key_is_permanent" time="0.000" /><testcase classname="tests.test_is_transient_error" name="test_runtime_error_authentication_is_permanent" time="0.000" /><testcase classname="tests.test_is_transient_error" name="test_runtime_error_model_not_found_is_permanent" time="0.000" /><testcase classname="tests.test_is_transient_error" name="test_408_is_retryable_status_code" time="0.001" /><testcase classname="tests.test_is_transient_error" name="test_retryable_status_codes_contains_all_expected" time="0.000" /><testcase classname="tests.test_is_transient_error" name="test_408_status_error_is_transient" time="0.001" /><testcase classname="tests.test_is_transient_error" name="test_429_status_error_is_transient" time="0.001" /><testcase classname="tests.test_is_transient_error" name="test_500_status_error_is_transient" time="0.001" /><testcase classname="tests.test_is_transient_error" name="test_401_status_error_is_not_transient" time="0.001" /><testcase classname="tests.test_is_transient_error" name="test_404_status_error_is_not_transient" time="0.001" /><testcase classname="tests.test_jobs_progress_services" name="test_job_history_caps_fifo_and_lists_newest_first" time="0.001" /><testcase classname="tests.test_jobs_progress_services" name="test_job_history_clear_is_idempotent" time="0.001" /><testcase classname="tests.test_jobs_progress_services" name="test_job_history_rejects_invalid_boundary_values" time="0.001" /><testcase classname="tests.test_jobs_progress_services" name="test_job_history_failed_pages_round_trip_and_serialize_when_set" time="0.001" /><testcase classname="tests.test_jobs_progress_services" name="test_job_history_failed_pages_omitted_from_serialize_when_empty" time="0.001" /><testcase classname="tests.test_jobs_progress_services" name="test_job_history_rejects_malformed_failed_pages" time="0.001" /><testcase classname="tests.test_jobs_progress_services" name="test_stage_to_percent_bounds_and_defaults[convert-1-2-7]" time="0.001" /><testcase classname="tests.test_jobs_progress_services" name="test_stage_to_percent_bounds_and_defaults[detect-1-2-20]" time="0.001" /><testcase classname="tests.test_jobs_progress_services" name="test_stage_to_percent_bounds_and_defaults[ocr-1-2-50]" time="0.001" /><testcase classname="tests.test_jobs_progress_services" name="test_stage_to_percent_bounds_and_defaults[refine-1-2-82]" time="0.001" /><testcase classname="tests.test_jobs_progress_services" name="test_stage_to_percent_bounds_and_defaults[embed-1-2-95]" time="0.001" /><testcase classname="tests.test_jobs_progress_services" name="test_stage_to_percent_bounds_and_defaults[unknown-1-2-50]" time="0.001" /><testcase classname="tests.test_jobs_progress_services" name="test_stage_to_percent_bounds_and_defaults[ocr-20-10-75]" time="0.001" /><testcase classname="tests.test_jobs_progress_services" name="test_stage_to_percent_bounds_and_defaults[ocr-1-0-25]" time="0.001" /><testcase classname="tests.test_jobs_progress_services" name="test_stage_to_percent_bounds_and_defaults[ocr--5-10-25]" time="0.001" /><testcase classname="tests.test_jobs_progress_services" name="test_validate_stage_is_strict" time="0.001" /><testcase classname="tests.test_jobs_progress_services" name="test_progress_channel_values_are_opaque_and_validated" time="0.001" /><testcase classname="tests.test_jobs_progress_services" name="test_invalid_channel_values_are_rejected[]" time="0.001" /><testcase classname="tests.test_jobs_progress_services" name="test_invalid_channel_values_are_rejected[short]" time="0.001" /><testcase classname="tests.test_jobs_progress_services" name="test_invalid_channel_values_are_rejected[client id with spaces]" time="0.001" /><testcase classname="tests.test_jobs_progress_services" name="test_invalid_channel_values_are_rejected[../client]" time="0.001" /><testcase classname="tests.test_jobs_progress_services" name="test_invalid_channel_values_are_rejected[client:123]" time="0.001" /><testcase classname="tests.test_jobs_progress_services" name="test_invalid_channel_values_are_rejected[aaaaaaaaaaaaaaaaaaaaaaaaaaaaaaaaaaaaaaaaaaaaaaaaaaaaaaaaaaaaaaaaaaaaaaaaaaaaaaaaaaaaaaaaaaaaaaaaaaaaaaaaaaaaaaaaaaaaaaaaaaaaaaaaa]" time="0.001" /><testcase classname="tests.test_jobs_progress_services" name="test_display_client_id_is_sanitized_but_not_used_as_channel" time="0.001" /><testcase classname="tests.test_jobs_progress_services" name="test_token_binding_requires_matching_channel_and_session" time="0.001" /><testcase classname="tests.test_ocr.TestYAMLFrontMatter" name="test_strips_canonical_olmocr_response" time="0.001" /><testcase classname="tests.test_ocr.TestYAMLFrontMatter" name="test_passthrough_when_no_front_matter" time="0.000" /><testcase classname="tests.test_ocr.TestYAMLFrontMatter" name="test_malformed_front_matter_returned_unchanged" time="0.001" /><testcase classname="tests.test_ocr.TestYAMLFrontMatter" name="test_leading_whitespace_handled" time="0.001" /><testcase classname="tests.test_ocr.TestStripRunawayRepetition" name="test_passes_short_unique_lines_through" time="0.001" /><testcase classname="tests.test_ocr.TestStripRunawayRepetition" name="test_admits_legitimate_table_repetition" time="0.000" /><testcase classname="tests.test_ocr.TestStripRunawayRepetition" name="test_clips_runaway_repetition" time="0.001" /><testcase classname="tests.test_ocr.TestStripRunawayRepetition" name="test_clips_multiple_runaway_lines_independently" time="0.001" /><testcase classname="tests.test_ocr.TestStripRunawayRepetition" name="test_empty_input" time="0.001" /><testcase classname="tests.test_ocr.TestHallucinationFilter" name="test_pangram_response_treated_as_blank" time="0.002" /><testcase classname="tests.test_ocr.TestHallucinationFilter" name="test_normal_crop_response_passes_through" time="0.001" /><testcase classname="tests.test_ocr.TestHallucinationFilter" name="test_real_text_containing_pangram_is_preserved" time="0.001" /><testcase classname="tests.test_ocr.TestHallucinationFilter" name="test_pangram_with_quotes_or_trailing_punct_still_dropped" time="0.004" /><testcase classname="tests.test_ocr.TestEnsureModelLoaded" name="test_passes_when_model_in_loaded_list" time="0.001" /><testcase classname="tests.test_ocr.TestEnsureModelLoaded" name="test_passes_case_insensitive" time="0.001" /><testcase classname="tests.test_ocr.TestEnsureModelLoaded" name="test_raises_with_helpful_message_on_mismatch" time="0.001" /><testcase classname="tests.test_ocr.TestEnsureModelLoaded" name="test_raises_with_none_listing_when_no_models_loaded" time="0.002" /><testcase classname="tests.test_ocr.TestEnsureModelLoaded" name="test_subclass_of_llm_call_error" time="0.001" /><testcase classname="tests.test_ocr.TestEnsureModelLoaded" name="test_server_failure_wrapped_as_llm_call_error" time="0.001" /><testcase classname="tests.test_ocr.TestPromptConstants" name="test_olmocr_prompt_is_canonical" time="0.001" /><testcase classname="tests.test_ocr.TestPromptConstants" name="test_crop_prompt_is_minimal" time="0.001" /><testcase classname="tests.test_ocr_job_queue" name="test_submit_status_flips_through_pipeline" time="0.002" /><testcase classname="tests.test_ocr_job_queue" name="test_runner_exception_records_error_status" time="0.002" /><testcase classname="tests.test_ocr_job_queue" name="test_get_unknown_returns_none_and_list_returns_submitted" time="0.002" /><testcase classname="tests.test_ocr_job_queue" name="test_max_pending_one_blocks_second_submit" time="0.056" /><testcase classname="tests.test_ocr_job_queue" name="test_start_is_idempotent" time="0.001" /><testcase classname="tests.test_ocr_job_queue" name="test_stop_cancels_worker" time="0.001" /><testcase classname="tests.test_ocr_job_queue" name="test_cancel_unknown_job_returns_none" time="0.012" /><testcase classname="tests.test_ocr_job_queue" name="test_cancel_pending_job_removes_record" time="0.017" /><testcase classname="tests.test_ocr_job_queue" name="test_cancel_complete_job_is_noop_idempotent" time="0.004" /><testcase classname="tests.test_ocr_job_queue" name="test_cancel_processing_job_marks_error_with_cancellation_message" time="0.002" /><testcase classname="tests.test_ocr_resilience" name="test_transient_errors_are_retryable[exc0]" time="0.001" /><testcase classname="tests.test_ocr_resilience" name="test_transient_errors_are_retryable[exc1]" time="0.001" /><testcase classname="tests.test_ocr_resilience" name="test_transient_errors_are_retryable[exc2]" time="0.001" /><testcase classname="tests.test_ocr_resilience" name="test_transient_errors_are_retryable[exc3]" time="0.001" /><testcase classname="tests.test_ocr_resilience" name="test_transient_errors_are_retryable[exc4]" time="0.001" /><testcase classname="tests.test_ocr_resilience" name="test_transient_errors_are_retryable[exc5]" time="0.001" /><testcase classname="tests.test_ocr_resilience" name="test_transient_errors_are_retryable[exc6]" time="0.001" /><testcase classname="tests.test_ocr_resilience" name="test_transient_errors_are_retryable[exc7]" time="0.001" /><testcase classname="tests.test_ocr_resilience" name="test_transient_errors_are_retryable[exc8]" time="0.001" /><testcase classname="tests.test_ocr_resilience" name="test_permanent_errors_are_not_retryable[exc0]" time="0.001" /><testcase classname="tests.test_ocr_resilience" name="test_permanent_errors_are_not_retryable[exc1]" time="0.001" /><testcase classname="tests.test_ocr_resilience" name="test_permanent_errors_are_not_retryable[exc2]" time="0.001" /><testcase classname="tests.test_ocr_resilience" name="test_permanent_errors_are_not_retryable[exc3]" time="0.001" /><testcase classname="tests.test_ocr_resilience" name="test_permanent_errors_are_not_retryable[exc4]" time="0.001" /><testcase classname="tests.test_ocr_resilience" name="test_permanent_errors_are_not_retryable[exc5]" time="0.001" /><testcase classname="tests.test_ocr_resilience" name="test_permanent_errors_are_not_retryable[exc6]" time="0.001" /><testcase classname="tests.test_ocr_resilience" name="test_permanent_errors_are_not_retryable[exc7]" time="0.001" /><testcase classname="tests.test_ocr_resilience" name="test_breaker_stays_closed_below_threshold" time="0.001" /><testcase classname="tests.test_ocr_resilience" name="test_breaker_opens_at_threshold" time="0.001" /><testcase classname="tests.test_ocr_resilience" name="test_breaker_resets_on_success" time="0.000" /><testcase classname="tests.test_ocr_resilience" name="test_breaker_half_open_after_cooldown" time="0.001" /><testcase classname="tests.test_ocr_resilience" name="test_breaker_closes_after_successful_probe" time="0.001" /><testcase classname="tests.test_ocr_resilience" name="test_breaker_reopens_after_failed_probe" time="0.001" /><testcase classname="tests.test_ocr_resilience" name="test_chat_retries_transient_error_and_succeeds" time="0.025" /><testcase classname="tests.test_ocr_resilience" name="test_chat_exhausts_retries_then_raises_llm_call_error" time="0.033" /><testcase classname="tests.test_ocr_resilience" name="test_chat_does_not_retry_permanent_context_size_error" time="0.016" /><testcase classname="tests.test_ocr_resilience" name="test_chat_does_not_retry_auth_error" time="0.016" /><testcase classname="tests.test_ocr_resilience" name="test_circuit_breaker_fails_fast_after_consecutive_failures" time="0.025" /><testcase classname="tests.test_ocr_resilience" name="test_successful_call_resets_breaker_for_next_page" time="0.032" /><testcase classname="tests.test_ocr_trocr_integration" name="test_trocr_fallback_uses_recognize_with_raw_bytes" time="0.020" /><testcase classname="tests.test_ocr_trocr_integration" name="test_trocr_fallback_swallows_engine_errors" time="0.017" /><testcase classname="tests.test_pdf" name="test_convert_to_images_produces_base64_per_page[digital.pdf]" time="0.046" /><testcase classname="tests.test_pdf" name="test_convert_to_images_produces_base64_per_page[hybrid.pdf]" time="0.040" /><testcase classname="tests.test_pdf" name="test_convert_to_images_produces_base64_per_page[handwritten.pdf]" time="0.074" /><testcase classname="tests.test_pdf" name="test_embed_structured_text_produces_searchable_pdf" time="0.122" /><testcase classname="tests.test_pdf" name="test_embed_handles_empty_text_gracefully" time="0.119" /><testcase classname="tests.test_pdf" name="test_output_preserves_page_count[digital.pdf]" time="0.058" /><testcase classname="tests.test_pdf" name="test_output_preserves_page_count[hybrid.pdf]" time="0.058" /><testcase classname="tests.test_pdf" name="test_output_preserves_page_count[handwritten.pdf]" time="0.081" /><testcase classname="tests.test_pdf" name="test_convert_image_file_to_single_page[jpg]" time="0.015" /><testcase classname="tests.test_pdf" name="test_convert_image_file_to_single_page[png]" time="0.019" /><testcase classname="tests.test_pdf" name="test_convert_image_file_to_single_page[tif]" time="0.058" /><testcase classname="tests.test_pdf" name="test_convert_multiframe_tiff" time="0.023" /><testcase classname="tests.test_pdf" name="test_embed_into_image_input_produces_searchable_pdf" time="0.013" /><testcase classname="tests.test_pdf" name="test_embed_multiframe_tiff_produces_multipage_pdf" time="0.023" /><testcase classname="tests.test_pdf" name="test_image_extension_detection" time="0.000" /><testcase classname="tests.test_pdf" name="test_is_blank_crop_distinguishes_blank_from_text" time="0.008" /><testcase classname="tests.test_pdf" name="test_avif_input_round_trip" time="0.080" /><testcase classname="tests.test_phase1_async_streaming" name="test_convert_generator_streams_pages" time="0.035" /><testcase classname="tests.test_phase1_async_streaming" name="test_convert_generator_filters_pages" time="0.039" /><testcase classname="tests.test_phase1_async_streaming" name="test_convert_generator_input_validation" time="0.001" /><testcase classname="tests.test_phase1_async_streaming" name="test_pdf_handler_convert_and_generator" time="0.092" /><testcase classname="tests.test_phase1_async_streaming" name="test_hybrid_aligner_detect_alias" time="0.146" /><testcase classname="tests.test_phase1_async_streaming" name="test_prompted_grounded_ocr_accepts_concurrency" time="0.005" /><testcase classname="tests.test_phase1_async_streaming" name="test_block_frame_has_required_keys_for_js_appender" time="0.001" /><testcase classname="tests.test_phase1_async_streaming" name="test_chunk_complete_frame_carries_chunk_progress_for_docked_bar" time="0.001" /><testcase classname="tests.test_phase1_async_streaming" name="test_chunk_complete_frame_overall_percent_is_clamped" time="0.001" /><testcase classname="tests.test_phase1_async_streaming" name="test_chunk_init_frame_is_emitted_before_first_chunk" time="0.001" /><testcase classname="tests.test_phase1_async_streaming" name="test_progress_channel_emits_block_then_page_then_chunk_frames" time="0.002" /><testcase classname="tests.test_pipeline.TestParsePageRange" name="test_single_page" time="0.001" /><testcase classname="tests.test_pipeline.TestParsePageRange" name="test_range" time="0.001" /><testcase classname="tests.test_pipeline.TestParsePageRange" name="test_mixed" time="0.001" /><testcase classname="tests.test_pipeline.TestParsePageRange" name="test_out_of_range_clipped" time="0.001" /><testcase classname="tests.test_pipeline.TestParsePageRange" name="test_duplicates_collapsed" time="0.001" /><testcase classname="tests.test_pipeline.TestDropRefinedDuplicates" name="test_drops_exact_duplicate_in_adjacent_matched_box" time="0.001" /><testcase classname="tests.test_pipeline.TestDropRefinedDuplicates" name="test_drops_substring_of_concatenated_neighbor" time="0.001" /><testcase classname="tests.test_pipeline.TestDropRefinedDuplicates" name="test_keeps_distinct_text_in_adjacent_box" time="0.001" /><testcase classname="tests.test_pipeline.TestDropRefinedDuplicates" name="test_case_and_whitespace_normalized" time="0.001" /><testcase classname="tests.test_pipeline.TestDropRefinedDuplicates" name="test_does_not_compare_two_refined_against_each_other" time="0.001" /><testcase classname="tests.test_pipeline.TestDropRefinedDuplicates" name="test_respects_search_radius" time="0.001" /><testcase classname="tests.test_pipeline.TestDropRefinedDuplicates" name="test_empty_refined_text_skipped" time="0.001" /><testcase classname="tests.test_pipeline.TestRefinableGate" name="test_accepts_medium_boxes" time="0.001" /><testcase classname="tests.test_pipeline.TestRefinableGate" name="test_rejects_thin_rule_lines" time="0.001" /><testcase classname="tests.test_pipeline.TestRefinableGate" name="test_rejects_tiny_decorations" time="0.001" /><testcase classname="tests.test_pipeline.TestOCRPipeline" name="test_basic_e2e" time="0.006" /><testcase classname="tests.test_pipeline.TestOCRPipeline" name="test_refine_fills_empty_boxes" time="0.022" /><testcase classname="tests.test_pipeline.TestOCRPipeline" name="test_refine_skips_when_disabled" time="0.004" /><testcase classname="tests.test_pipeline.TestOCRPipeline" name="test_dense_mode_always_uses_per_box_ocr" time="0.050" /><testcase classname="tests.test_pipeline.TestOCRPipeline" name="test_dense_mode_never_keeps_full_page" time="0.005" /><testcase classname="tests.test_pipeline.TestOCRPipeline" name="test_dense_mode_auto_picks_per_box_for_dense_pages" time="0.067" /><testcase classname="tests.test_pipeline.TestOCRPipeline" name="test_dense_mode_auto_keeps_full_page_for_sparse_pages" time="0.005" /><testcase classname="tests.test_pipeline.TestOCRPipeline" name="test_dense_mode_invalid_raises" time="0.002" /><testcase classname="tests.test_pipeline.TestOCRPipeline" name="test_progress_stages_all_fire" time="0.043" /><testcase classname="tests.test_pipeline.TestOCRPipeline" name="test_progress_skips_refine_when_no_targets" time="0.005" /><testcase classname="tests.test_pipeline.TestOCRPipeline" name="test_concurrency_parameter_is_respected" time="0.008" /><testcase classname="tests.test_pipeline.TestOCRPipeline" name="test_custom_output_writer" time="0.005" /><testcase classname="tests.test_pipeline.TestOCRPipeline" name="test_per_page_failure_records_last_failed_pages_and_invokes_warning" time="0.007" /><testcase classname="tests.test_pipeline.TestOCRPipeline" name="test_per_page_failure_resets_last_failed_pages_per_run" time="0.007" /><testcase classname="tests.test_preprocessing_exports_evaluation" name="test_local_page_preprocessor_is_default_off" time="0.001" /><testcase classname="tests.test_preprocessing_exports_evaluation" name="test_local_page_preprocessor_records_enabled_operations" time="0.116" /><testcase classname="tests.test_preprocessing_exports_evaluation" name="test_layout_enrichment_and_table_extraction_metadata" time="0.002" /><testcase classname="tests.test_preprocessing_exports_evaluation" name="test_quality_routing_records_decisions" time="0.001" /><testcase classname="tests.test_preprocessing_exports_evaluation" name="test_document_exports_and_evaluation" time="0.013" /><testcase classname="tests.test_providers" name="test_providers_catalog_structure" time="0.001" /><testcase classname="tests.test_providers" name="test_get_provider_lookup" time="0.001" /><testcase classname="tests.test_providers" name="test_list_providers_api_route" time="0.078" /><testcase classname="tests.test_providers" name="test_get_single_provider_api_route" time="0.079" /><testcase classname="tests.test_repo_hygiene" name="test_dockerfile_pins_python_and_uv_installs_extras" time="0.001" /><testcase classname="tests.test_repo_hygiene" name="test_compose_yaml_defines_api_redis_and_async_profile_worker" time="0.005" /><testcase classname="tests.test_repo_hygiene" name="test_precommit_config_pins_ruff_and_uvlock_hooks" time="0.002" /><testcase classname="tests.test_repo_hygiene" name="test_nightly_workflow_targets_slow_tests_with_hf_cache" time="0.001" /><testcase classname="tests.test_repo_hygiene" name="test_pyproject_extras_present_for_docker_layering" time="0.002" /><testcase classname="tests.test_response_schemas_and_reliability" name="test_pydantic_response_models" time="0.001" /><testcase classname="tests.test_response_schemas_and_reliability" name="test_load_dictionary_lru_cache" time="0.001" /><testcase classname="tests.test_response_schemas_and_reliability" name="test_postprocess_exception_logging" time="0.001" /><testcase classname="tests.test_response_schemas_and_reliability" name="test_grounded_parser_warning_logging" time="0.001" /><testcase classname="tests.test_security_qa" name="test_is_ssrf_target_defaults" time="0.009" /><testcase classname="tests.test_security_qa" name="test_is_ssrf_target_allowed" time="0.003" /><testcase classname="tests.test_security_qa" name="test_translation_chunking_preserves_size" time="0.001" /><testcase classname="tests.test_security_qa" name="test_evaluate_node_minimal_input_skips_loop" time="0.001" /><testcase classname="tests.test_security_qa" name="test_evaluate_node_normal_input_fails_correctly" time="0.001" /><testcase classname="tests.test_security_qa" name="test_celery_task_raises_value_error_on_missing_artifact" time="0.002" /><testcase classname="tests.test_security_qa" name="test_extract_data_robust_json_parsing" time="0.001" /><testcase classname="tests.test_select_dense_pages" name="test_dense_mode_always_adds_every_page" time="0.001" /><testcase classname="tests.test_select_dense_pages" name="test_dense_mode_auto_threshold_filters" time="0.001" /><testcase classname="tests.test_select_dense_pages" name="test_dense_mode_never_adds_nothing" time="0.001" /><testcase classname="tests.test_select_dense_pages" name="test_execute_rejects_string_dense_mode" time="0.003" /><testcase classname="tests.test_server_lazy_imports" name="test_server_module_import_does_not_import_web_dependencies" time="0.002" /><testcase classname="tests.test_server_lazy_imports" name="test_create_app_reports_missing_web_extra" time="0.001" /><testcase classname="tests.test_server_lazy_imports" name="test_main_reports_missing_uvicorn_as_system_exit" time="0.001" /><testcase classname="tests.test_size_limits" name="test_security_settings_default_is_at_least_10gb" time="0.001" /><testcase classname="tests.test_size_limits" name="test_security_settings_accepts_10gb_override" time="0.001" /><testcase classname="tests.test_size_limits" name="test_security_settings_accepts_large_overrides[20480]" time="0.001" /><testcase classname="tests.test_size_limits" name="test_security_settings_accepts_large_overrides[51200]" time="0.001" /><testcase classname="tests.test_size_limits" name="test_security_settings_accepts_large_overrides[100000]" time="0.001" /><testcase classname="tests.test_size_limits" name="test_security_settings_clamps_ridiculous_overrides" time="0.001" /><testcase classname="tests.test_size_limits" name="test_security_settings_clamps_zero_and_negative" time="0.001" /><testcase classname="tests.test_size_limits" name="test_security_settings_module_constant_matches_default" time="0.001" /><testcase classname="tests.test_size_limits" name="test_middleware_passes_request_at_exact_cap" time="0.001" /><testcase classname="tests.test_size_limits" name="test_middleware_passes_request_under_cap" time="0.001" /><testcase classname="tests.test_size_limits" name="test_middleware_passes_request_at_10gb" time="0.001" /><testcase classname="tests.test_size_limits" name="test_middleware_rejects_oversized_with_413_envelope[10240-11811160064]" time="0.002" /><testcase classname="tests.test_size_limits" name="test_middleware_rejects_oversized_with_413_envelope[1024-2147483648]" time="0.002" /><testcase classname="tests.test_size_limits" name="test_middleware_rejects_oversized_with_413_envelope[10-20971520]" time="0.002" /><testcase classname="tests.test_size_limits" name="test_middleware_lets_chunked_request_without_length_through" time="0.001" /><testcase classname="tests.test_size_limits" name="test_middleware_handles_non_ascii_length_gracefully" time="0.001" /><testcase classname="tests.test_size_limits" name="test_config_endpoint_surfaces_max_upload_cap" time="0.005" /><testcase classname="tests.test_size_limits" name="test_env_example_documents_upload_and_chunk_defaults" time="0.001" /><testcase classname="tests.test_state_backend" name="test_local_state_backend_from_env_has_six_attributes" time="0.002" /><testcase classname="tests.test_state_backend" name="test_local_state_backend_isinstance_of_state_backend_protocol" time="0.002" /><testcase classname="tests.test_state_backend" name="test_module_level_backend_is_local_state_backend" time="0.002" /><testcase classname="tests.test_static_wiring" name="test_static_html_references_resolve_to_disk" time="0.001" /><testcase classname="tests.test_static_wiring" name="test_static_html_external_links_use_allowlisted_hosts" time="0.001" /><testcase classname="tests.test_static_wiring" name="test_workstation_dom_contracts_present" time="0.008" /><testcase classname="tests.test_static_wiring" name="test_left_output_panel_appears_before_central_viewport" time="0.001" /><testcase classname="tests.test_static_wiring" name="test_frozen_end_sentinel_lives_inside_md_content" time="0.001" /><testcase classname="tests.test_static_wiring" name="test_static_js_passes_node_check" time="0.115" /><testcase classname="tests.test_table_extraction_run_via_processors" name="test_table_extraction_passes_when_invoked_via_run_document_processors" time="0.001" /><testcase classname="tests.test_table_extraction_run_via_processors" name="test_table_extraction_skips_pages_without_grid" time="0.001" /><testcase classname="tests.test_tqdm_patch" name="test_silent_tqdm_basic" time="0.000" /><testcase classname="tests.test_tqdm_patch" name="test_tqdm_patch_apply_runs_without_error" time="0.000" /><testcase classname="tests.test_translation_boundary" name="test_translation_base_imports_do_not_require_async_extras" time="3.757" /><testcase classname="tests.test_translation_boundary" name="test_optional_extras_split_chromadb_into_memory" time="0.002" /><testcase classname="tests.test_translation_boundary" name="test_translate_node_uses_injected_settings" time="0.000" /><testcase classname="tests.test_translation_callbacks" name="test_translate_tree_emits_one_chunk_per_translated_block" time="0.001" /><testcase classname="tests.test_translation_callbacks" name="test_translate_tree_skips_emit_for_empty_text_blocks" time="0.001" /><testcase classname="tests.test_translation_callbacks" name="test_translate_tree_with_no_callback_is_a_noop" time="0.001" /><testcase classname="tests.test_translation_evaluator.TestEvaluateFastPaths" name="test_translation_error_prefix_skips_llm" time="0.022" /><testcase classname="tests.test_translation_evaluator.TestEvaluateFastPaths" name="test_translation_error_after_max_attempts_forces_accept" time="0.003" /><testcase classname="tests.test_translation_evaluator.TestEvaluateFastPaths" name="test_max_attempts_without_error_forces_accept" time="0.002" /><testcase classname="tests.test_translation_evaluator.TestEvaluateFastPaths" name="test_short_source_skips_llm" time="0.002" /><testcase classname="tests.test_translation_evaluator.TestEvaluateFastPaths" name="test_punctuation_only_source_skips_llm" time="0.003" /><testcase classname="tests.test_translation_evaluator.TestEvaluateFastPaths" name="test_length_ratio_below_threshold_skips_llm" time="0.002" /><testcase classname="tests.test_translation_evaluator.TestEvaluateLLMPath" name="test_valid_json_response_propagates_score_and_feedback" time="0.003" /><testcase classname="tests.test_translation_evaluator.TestEvaluateLLMPath" name="test_falls_back_when_call_llm_raises" time="0.002" /><testcase classname="tests.test_translation_evaluator.TestEvaluateLLMPath" name="test_falls_back_when_response_unparseable" time="0.002" /><testcase classname="tests.test_translation_evaluator.TestEvaluateLLMPath" name="test_score_below_threshold_will_route_to_refine" time="0.002" /><testcase classname="tests.test_translation_evaluator.TestParseEvaluationResponse" name="test_direct_json_object" time="0.001" /><testcase classname="tests.test_translation_evaluator.TestParseEvaluationResponse" name="test_fenced_json_block" time="0.001" /><testcase classname="tests.test_translation_evaluator.TestParseEvaluationResponse" name="test_unfenced_code_block" time="0.001" /><testcase classname="tests.test_translation_evaluator.TestParseEvaluationResponse" name="test_embedded_json_in_prose" time="0.001" /><testcase classname="tests.test_translation_evaluator.TestParseEvaluationResponse" name="test_score_clamped_above_one" time="0.000" /><testcase classname="tests.test_translation_evaluator.TestParseEvaluationResponse" name="test_score_clamped_below_zero" time="0.000" /><testcase classname="tests.test_translation_evaluator.TestParseEvaluationResponse" name="test_missing_score_falls_back_to_one" time="0.000" /><testcase classname="tests.test_translation_evaluator.TestParseEvaluationResponse" name="test_missing_feedback_returns_empty_string" time="0.000" /><testcase classname="tests.test_translation_evaluator.TestParseEvaluationResponse" name="test_boolean_score_is_rejected" time="0.000" /><testcase classname="tests.test_translation_evaluator.TestParseEvaluationResponse" name="test_string_score_falls_back" time="0.000" /><testcase classname="tests.test_translation_evaluator.TestParseEvaluationResponse" name="test_unparseable_returns_fallback" time="0.001" /><testcase classname="tests.test_translation_evaluator.TestParseEvaluationResponse" name="test_empty_returns_fallback" time="0.000" /><testcase classname="tests.test_translation_evaluator.TestParseEvaluationResponse" name="test_non_dict_json_falls_back" time="0.001" /><testcase classname="tests.test_translation_evaluator.TestBuildEvaluationPrompt" name="test_includes_source_and_translation_and_target_language" time="0.000" /><testcase classname="tests.test_translation_evaluator.TestBuildEvaluationPrompt" name="test_includes_rag_context_when_present" time="0.001" /><testcase classname="tests.test_translation_evaluator.TestBuildEvaluationPrompt" name="test_omits_glossary_section_when_rag_empty" time="0.001" /><testcase classname="tests.test_translation_evaluator.TestBuildEvaluationPrompt" name="test_specifies_json_output_format" time="0.001" /><testcase classname="tests.test_translation_evaluator.TestExtractJsonObject" name="test_returns_first_dict_when_multiple_objects_in_text" time="0.001" /><testcase classname="tests.test_translation_evaluator.TestExtractJsonObject" name="test_handles_whitespace_before_fenced_block" time="0.001" /><testcase classname="tests.test_tree_artifact_json" name="test_round_trip_preserves_every_field" time="0.005" /><testcase classname="tests.test_tree_artifact_json" name="test_write_is_atomic_no_partial_file_on_existing_target" time="0.010" /><testcase classname="tests.test_tree_artifact_json" name="test_no_tmp_file_left_behind" time="0.005" /><testcase classname="tests.test_tree_artifact_json" name="test_read_tree_rejects_missing_file" time="0.002" /><testcase classname="tests.test_tree_artifact_json" name="test_read_tree_rejects_malformed_json" time="0.004" /><testcase classname="tests.test_tree_artifact_json" name="test_read_tree_rejects_wrong_root_type" time="0.004" /><testcase classname="tests.test_tree_artifact_json" name="test_read_tree_rejects_schema_mismatch" time="0.003" /><testcase classname="tests.test_tree_artifact_json" name="test_round_trip_with_empty_figure_is_correct" time="0.003" /><testcase classname="tests.test_websocket_handler" name="test_ws_send_progress_round_trips_through_manager" time="0.002" /><testcase classname="tests.test_websocket_handler" name="test_ws_send_progress_with_unknown_channel_is_noop" time="0.001" /><testcase classname="tests.test_websocket_handler" name="test_bearer_middleware_is_transparent_to_websocket_scope" time="0.001" /><testcase classname="tests.test_websocket_handler" name="test_bearer_middleware_rejects_http_without_token" time="0.002" /><testcase classname="tests.test_websocket_handler" name="test_ws_send_chunk_complete_round_trips_through_manager" time="0.001" /><testcase classname="tests.test_workflows_base" name="test_cross_page_merge_joins_unterminated_tail_into_next_page" time="0.001" /><testcase classname="tests.test_workflows_base" name="test_cross_page_merge_does_not_join_terminated_sentence" time="0.001" /><testcase classname="tests.test_workflows_base" name="test_cross_page_merge_handles_single_page" time="0.001" /><testcase classname="tests.test_workflows_base" name="test_cross_page_merge_skips_blank_tail_box" time="0.001" /><testcase classname="tests.test_workflows_base" name="test_cross_page_merge_skips_blank_head_box" time="0.001" /><testcase classname="tests.test_workflows_base.TestRunStateLifecycle" name="test_initial_state_is_empty" time="0.001" /><testcase classname="tests.test_workflows_base.TestRunStateLifecycle" name="test_reset_clears_state" time="0.001" /><testcase classname="tests.test_workflows_base.TestBuildDocumentResult" name="test_applies_spellcheck_in_place" time="0.003" /><testcase classname="tests.test_workflows_base.TestBuildDocumentResult" name="test_applies_cross_page_merge_in_place" time="0.002" /><testcase classname="tests.test_workflows_base.TestBuildDocumentResult" name="test_runs_document_processors" time="0.002" /><testcase classname="tests.test_workflows_base.TestBuildDocumentResult" name="test_overlays_page_metadata" time="0.002" /><testcase classname="tests.test_workflows_base.TestEmit" name="test_assigns_last_document_result_and_invokes_writer" time="0.003" /><testcase classname="tests.test_workflows_base.TestEmit" name="test_emits_progress_events" time="0.003" /><testcase classname="tests.test_workflows_callback_decoupling" name="test_core_file_does_not_import_from_api[hybrid.py]" time="0.008" /><testcase classname="tests.test_workflows_callback_decoupling" name="test_core_file_does_not_import_from_api[grounded.py]" time="0.002" /><testcase classname="tests.test_workflows_callback_decoupling" name="test_core_file_does_not_import_from_api[base.py0]" time="0.004" /><testcase classname="tests.test_workflows_callback_decoupling" name="test_core_file_does_not_import_from_api[client.py]" time="0.001" /><testcase classname="tests.test_workflows_callback_decoupling" name="test_core_file_does_not_import_from_api[exceptions.py]" time="0.001" /><testcase classname="tests.test_workflows_callback_decoupling" name="test_core_file_does_not_import_from_api[filters.py]" time="0.002" /><testcase classname="tests.test_workflows_callback_decoupling" name="test_core_file_does_not_import_from_api[processor.py]" time="0.004" /><testcase classname="tests.test_workflows_callback_decoupling" name="test_core_file_does_not_import_from_api[prompts.py]" time="0.001" /><testcase classname="tests.test_workflows_callback_decoupling" name="test_core_file_does_not_import_from_api[models.py]" time="0.001" /><testcase classname="tests.test_workflows_callback_decoupling" name="test_core_file_does_not_import_from_api[parsers.py]" time="0.002" /><testcase classname="tests.test_workflows_callback_decoupling" name="test_core_file_does_not_import_from_api[prompted.py]" time="0.003" /><testcase classname="tests.test_workflows_callback_decoupling" name="test_core_file_does_not_import_from_api[rasterize.py]" time="0.001" /><testcase classname="tests.test_workflows_callback_decoupling" name="test_core_file_does_not_import_from_api[rasterizer.py]" time="0.003" /><testcase classname="tests.test_workflows_callback_decoupling" name="test_core_file_does_not_import_from_api[embedder.py]" time="0.003" /><testcase classname="tests.test_workflows_callback_decoupling" name="test_core_file_does_not_import_from_api[handler.py]" time="0.002" /><testcase classname="tests.test_workflows_callback_decoupling" name="test_core_file_does_not_import_from_api[aligner.py]" time="0.005" /><testcase classname="tests.test_workflows_callback_decoupling" name="test_core_file_does_not_import_from_api[base.py1]" time="0.002" /><testcase classname="tests.test_workflows_callback_decoupling" name="test_core_file_does_not_import_from_api[reading_order.py]" time="0.001" /><testcase classname="tests.test_workflows_callback_decoupling" name="test_core_file_does_not_import_from_api[quality.py]" time="0.001" /><testcase classname="tests.test_workflows_callback_decoupling" name="test_core_file_does_not_import_from_api[structure.py]" time="0.002" /><testcase classname="tests.test_workflows_callback_decoupling" name="test_core_file_does_not_import_from_api[section.py]" time="0.002" /><testcase classname="tests.test_workflows_callback_decoupling" name="test_core_file_does_not_import_from_api[layout.py]" time="0.002" /><testcase classname="tests.test_workflows_callback_decoupling" name="test_core_file_does_not_import_from_api[table.py]" time="0.003" /><testcase classname="tests.test_workflows_callback_decoupling" name="test_core_file_does_not_import_from_api[block_tree.py]" time="0.005" /><testcase classname="tests.test_workflows_callback_decoupling" name="test_core_file_does_not_import_from_api[document.py]" time="0.002" /><testcase classname="tests.test_workflows_callback_decoupling" name="test_core_file_does_not_import_from_api[translation_tree.py]" time="0.003" /><testcase classname="tests.test_workflows_callback_decoupling" name="test_hybrid_engine_invokes_per_block_callback" time="0.008" /><testcase classname="tests.test_workflows_callback_decoupling" name="test_hybrid_engine_skips_callbacks_when_not_provided" time="0.008" /><testcase classname="tests.test_workflows_grounded.TestGroundedAccumulatePages" name="test_groups_blocks_by_page_index" time="0.001" /><testcase classname="tests.test_workflows_grounded.TestGroundedAccumulatePages" name="test_preserves_backend_ordering" time="0.001" /><testcase classname="tests.test_workflows_grounded.TestGroundedAccumulatePages" name="test_empty_blocks_returns_empty_dict" time="0.000" /><testcase classname="tests.test_workflows_grounded.TestGroundedAccumulatePages" name="test_drops_blocks_with_default_text_label" time="0.001" /><testcase classname="tests.test_workflows_grounded.TestGroundedExecute" name="test_basic_flow_passes_blocks_to_writer" time="0.003" /><testcase classname="tests.test_workflows_grounded.TestGroundedExecute" name="test_propagates_failed_pages_from_backend" time="0.003" /><testcase classname="tests.test_workflows_grounded.TestGroundedExecute" name="test_resets_run_state_at_entry" time="0.003" /><testcase classname="tests.test_workflows_grounded.TestGroundedExecute" name="test_runs_document_processors" time="0.003" /><testcase classname="tests.test_workflows_grounded.TestGroundedExecute" name="test_empty_response_emits_blank_document" time="0.003" /><testcase classname="tests.test_workflows_hybrid.TestHybridConvertPages" name="test_returns_images_page_nums_and_empty_metadata" time="0.005" /><testcase classname="tests.test_workflows_hybrid.TestHybridConvertPages" name="test_applies_page_range_filter" time="0.010" /><testcase classname="tests.test_workflows_hybrid.TestHybridConvertPages" name="test_no_preprocessing_when_disabled" time="0.004" /><testcase classname="tests.test_workflows_hybrid.TestHybridConvertPages" name="test_emits_progress_events" time="0.004" /><testcase classname="tests.test_workflows_hybrid.TestHybridDetectLayout" name="test_seeds_each_page_with_detected_boxes" time="0.004" /><testcase classname="tests.test_workflows_hybrid.TestHybridDetectLayout" name="test_batches_by_detect_chunk_size" time="0.022" /><testcase classname="tests.test_workflows_hybrid.TestHybridDetectLayout" name="test_emits_detect_progress" time="0.003" /><testcase classname="tests.test_workflows_hybrid.TestHybridSelectDensePages" name="test_auto_above_threshold_picks_dense" time="0.001" /><testcase classname="tests.test_workflows_hybrid.TestHybridSelectDensePages" name="test_auto_at_or_below_threshold_keeps_sparse" time="0.001" /><testcase classname="tests.test_workflows_hybrid.TestHybridSelectDensePages" name="test_always_selects_every_page" time="0.000" /><testcase classname="tests.test_workflows_hybrid.TestHybridSelectDensePages" name="test_never_selects_no_pages" time="0.001" /><testcase classname="tests.test_workflows_hybrid.TestHybridOCRPages" name="test_dispatches_sparse_to_full_page_ocr" time="0.004" /><testcase classname="tests.test_workflows_hybrid.TestHybridOCRPages" name="test_dispatches_dense_to_per_box_ocr" time="0.025" /><testcase classname="tests.test_workflows_hybrid.TestHybridOCRPages" name="test_handles_empty_full_page_ocr_response" time="0.003" /><testcase classname="tests.test_workflows_hybrid.TestHybridOCRPages" name="test_records_failure_and_invokes_warning" time="0.003" /><testcase classname="tests.test_workflows_hybrid.TestHybridRefinePages" name="test_skips_when_all_pages_are_dense" time="0.002" /><testcase classname="tests.test_workflows_hybrid.TestHybridRefinePages" name="test_refines_empty_refinable_boxes_on_sparse_pages" time="0.022" /><testcase classname="tests.test_workflows_hybrid.TestHybridRefinePages" name="test_skips_thin_or_tiny_boxes_via_refinable_gate" time="0.008" /><testcase classname="tests.test_workflows_hybrid.TestHybridFinalize" name="test_quality_routing_runs_when_enabled" time="0.003" /><testcase classname="tests.test_workflows_hybrid.TestHybridFinalize" name="test_quality_routing_skipped_when_disabled" time="0.003" /><testcase classname="tests.test_workflows_hybrid.TestHybridFinalize" name="test_quality_routing_skipped_when_options_none" time="0.004" /></testsuite></testsuites>